// Vitest Snapshot v1, https://vitest.dev/guide/snapshot.html

exports[`buildConfig — production > matches snapshot 1`] = `
[
  {
    "context": "<FIXTURE>/assets",
    "devtool": false,
    "entry": {
      "cte": [
        "./styles/admin/cte.scss",
      ],
      "list-page": [
        "./styles/admin/list-page.scss",
        "./scripts/admin/list-page.ts",
      ],
      "metabox": [
        "./styles/admin/metabox.scss",
      ],
    },
    "externals": [
      {
        "backbone": "backbone",
        "jquery": "jQuery",
        "lodash": "_",
        "underscore": "_",
      },
    ],
    "externalsType": "window",
    "mode": "production",
    "module": {
      "rules": [
        {
          "exclude": [
            "[RegExp: node_modules(?![/|\\\\](bootstrap|foundation-sites))]",
          ],
          "include": [
            "<FIXTURE>/assets/scripts",
          ],
          "test": "[RegExp: \\.[tj]sx?$]",
          "use": {
            "loader": "swc-loader",
            "options": {
              "env": {
                "coreJs": "3.38",
                "mode": "usage",
                "targets": "<REDACTED:targets>",
              },
              "jsc": {
                "parser": {
                  "syntax": "typescript",
                  "tsx": true,
                },
              },
            },
          },
        },
        {
          "include": "<FIXTURE>/assets/styles",
          "test": "[RegExp: \\.(sa|sc|c)ss$/i]",
          "use": [
            {
              "loader": "<REPO>/node_modules/mini-css-extract-plugin/dist/loader.js",
            },
            {
              "loader": "css-loader",
              "options": {
                "importLoaders": 1,
                "sourceMap": true,
              },
            },
            {
              "loader": "postcss-loader",
              "options": {
                "postcssOptions": {
                  "plugins": [
                    "postcss-preset-env",
                  ],
                },
                "sourceMap": true,
              },
            },
            {
              "loader": "resolve-url-loader",
              "options": {
                "sourceMap": true,
              },
            },
            {
              "loader": "sass-loader",
              "options": {
                "api": "modern-compiler",
                "sassOptions": {
                  "outputStyle": "expanded",
                  "quietDeps": true,
                },
                "sourceMap": true,
              },
            },
          ],
        },
        {
          "generator": {
            "filename": "images/[name][ext]",
          },
          "test": "[RegExp: \\.(png|svg|jpg|jpeg|gif|ico|avif)$/i]",
          "type": "asset/resource",
        },
        {
          "generator": {
            "filename": "fonts/[name][ext]",
          },
          "test": "[RegExp: \\.(ttf|otf|eot|woff2?)$]",
          "type": "asset/resource",
        },
      ],
    },
    "name": "admin",
    "optimization": {
      "minimize": true,
      "minimizer": [
        {
          "__plugin": "CssMinimizerPlugin",
        },
        {
          "__plugin": "ImageMinimizerPlugin",
        },
        {
          "__plugin": "ImageMinimizerPlugin",
        },
        {
          "__plugin": "TerserPlugin",
        },
      ],
      "moduleIds": "deterministic",
      "removeEmptyChunks": true,
      "splitChunks": {
        "cacheGroups": {
          "default": false,
          "defaultVendors": false,
          "vendor": {
            "chunks": "all",
            "filename": "[Function: filename]",
            "minChunks": 1,
            "minSize": 100,
            "name": "[Function: name]",
            "priority": 10,
            "reuseExistingChunk": true,
            "test": "[RegExp: [\\\\/]node_modules[\\\\/]]",
          },
        },
        "hidePathInfo": true,
      },
    },
    "output": {
      "filename": "js/admin/[name].[contenthash:6].js",
      "path": "<FIXTURE>/dist",
      "publicPath": "",
    },
    "plugins": [
      {
        "__plugin": "FriendlyErrorsWebpackPlugin",
      },
      {
        "__plugin": "WebpackAssetsManifest",
      },
      {
        "__plugin": "WebpackBarPlugin",
      },
      {
        "__plugin": "MiniCssExtractPlugin",
      },
      {
        "__plugin": "CssUrlRelativePlugin",
      },
      {
        "__plugin": "WebpackRemoveEmptyScriptsPlugin",
      },
    ],
    "resolve": {
      "extensions": [
        ".tsx",
        ".ts",
        ".jsx",
        ".js",
        ".scss",
        ".css",
      ],
    },
    "stats": false,
    "target": "web",
  },
  {
    "context": "<FIXTURE>/assets",
    "dependencies": [
      "admin",
    ],
    "entry": {},
    "mode": "production",
    "name": "AssetCopy",
    "optimization": {
      "minimize": true,
      "minimizer": [
        {
          "__plugin": "ImageMinimizerPlugin",
        },
        {
          "__plugin": "ImageMinimizerPlugin",
        },
      ],
    },
    "output": {
      "path": "<FIXTURE>/dist",
    },
    "plugins": [
      {
        "__plugin": "CopyPlugin",
      },
      {
        "__plugin": "WebpackBarPlugin",
      },
      {
        "__plugin": "WebpackAssetsManifest",
      },
    ],
    "stats": false,
  },
]
`;
