// Vitest Snapshot v1, https://vitest.dev/guide/snapshot.html

exports[`fixture build > produces a stable assets.json manifest 1`] = `
{
  "css/admin/cte.css": "css/admin/cte.css",
  "css/admin/list-page.css": "css/admin/list-page.css",
  "css/admin/metabox.css": "css/admin/metabox.css",
  "css/vendor/fortawesome.css": "css/vendor/fortawesome.css",
  "css/vendor/uppy.css": "css/vendor/uppy.css",
  "fonts/fa-regular-400.ttf": "fonts/fa-regular-400.ttf",
  "fonts/fa-regular-400.woff2": "fonts/fa-regular-400.woff2",
  "fonts/titillium-web-v17-latin-ext-200.woff2": "fonts/titillium-web-v17-latin-ext-200.woff2",
  "fonts/titillium-web-v17-latin-ext-600.woff2": "fonts/titillium-web-v17-latin-ext-600.woff2",
  "fonts/titillium-web-v17-latin-ext-700.woff2": "fonts/titillium-web-v17-latin-ext-700.woff2",
  "fonts/titillium-web-v17-latin-ext-regular.woff2": "fonts/titillium-web-v17-latin-ext-regular.woff2",
  "images/home-location.png": "images/home-location.png",
  "images/move-icon.svg": "images/move-icon.svg",
  "images/nested/da-icon.svg": "images/nested/da-icon.svg",
  "images/spinner.gif": "images/spinner.gif",
  "js/admin/list-page.js": "js/admin/list-page.js",
  "js/classnames/classnames.js": "js/classnames/classnames.js",
  "js/eventemitter3/eventemitter3.js": "js/eventemitter3/eventemitter3.js",
  "js/exifr/exifr.js": "js/exifr/exifr.js",
  "js/is-shallow-equal/is-shallow-equal.js": "js/is-shallow-equal/is-shallow-equal.js",
  "js/lodash/lodash.js": "js/lodash/lodash.js",
  "js/memoize-one/memoize-one.js": "js/memoize-one/memoize-one.js",
  "js/mime-match/mime-match.js": "js/mime-match/mime-match.js",
  "js/namespace-emitter/namespace-emitter.js": "js/namespace-emitter/namespace-emitter.js",
  "js/nanoid/nanoid.js": "js/nanoid/nanoid.js",
  "js/p-queue/p-queue.js": "js/p-queue/p-queue.js",
  "js/p-timeout/p-timeout.js": "js/p-timeout/p-timeout.js",
  "js/preact/preact.js": "js/preact/preact.js",
  "js/transloadit/transloadit-prettier-bytes.js": "js/transloadit/transloadit-prettier-bytes.js",
  "js/uppy/uppy-core.js": "js/uppy/uppy-core.js",
  "js/uppy/uppy-dashboard.js": "js/uppy/uppy-dashboard.js",
  "js/uppy/uppy-informer.js": "js/uppy/uppy-informer.js",
  "js/uppy/uppy-provider-views.js": "js/uppy/uppy-provider-views.js",
  "js/uppy/uppy-status-bar.js": "js/uppy/uppy-status-bar.js",
  "js/uppy/uppy-store-default.js": "js/uppy/uppy-store-default.js",
  "js/uppy/uppy-thumbnail-generator.js": "js/uppy/uppy-thumbnail-generator.js",
  "js/uppy/uppy-utils.js": "js/uppy/uppy-utils.js",
  "js/wildcard/wildcard.js": "js/wildcard/wildcard.js",
}
`;
